***************  PROJECT CONTRIBUTION  ******************************************************** 

!*** Special entries from eclipse
plugin@org.eclipse.test=R3_5_1,:pserver:anonymous@dev.eclipse.org:/cvsroot/eclipse,
fragment@org.eclipse.ant.optional.junit=v20050226,:pserver:anonymous@dev.eclipse.org:/cvsroot/eclipse,


!*** Antlr Features
feature@de.itemis.xtext.antlr.sdk=file:///var/hudson/jobs/xtext-antlr/workspace/de.itemis.xtext.antlr.sdk.feature
feature@de.itemis.xtext.antlr.feature=file:///var/hudson/jobs/xtext-antlr/workspace/de.itemis.xtext.antlr.feature
!***feature@de.itemis.xtext.antlr.tests=file:///var/hudson/jobs/xtext-antlr/workspace/de.itemis.xtext.antlr.tests.feature

!*** Antlr Plugins
plugin@de.itemis.xtext.antlr=file:///var/hudson/jobs/xtext-antlr/workspace/de.itemis.xtext.antlr
plugin@org.antlr.gen=file:///var/hudson/jobs/xtext-antlr/workspace/org.antlr
!***plugin@de.itemis.xtext.antlr.tests=HEAD,:pserver:anonymous@architecturware.cvs.sourceforge.net:/cvsroot/architecturware,,xtext_external/de.itemis.xtext.antlr.tests

!*** Antlr Fragment